
> jamkudi@1.0.0 web
> expo start --web --port 8090

env: load .env
env: export EXPO_PUBLIC_API_URL EXPO_PUBLIC_SUPABASE_ANON_KEY EXPO_PUBLIC_SUPABASE_URL
Starting project at E:\self\jamkudi\apps\mobile
Logs: E:\self\jamkudi\apps\mobile\.expo\dev\logs\start.log
Using src/app as the root directory for Expo Router.
React Compiler enabled
 ERROR  An unexpected error occurred while installing the latest version of React Native DevTools. Using a fallback version instead. Details:

dotslash error: 'fetch' command failed
caused by: failed to create directory `C:\Users\Kirtan Patel\AppData\Local\dotslash\33`
caused by: Cannot create a file when that file already exists. (os error 183)

Starting Metro Bundler

Error while reading cache, falling back to a full crawl:
 Error: Unable to deserialize cloned data due to invalid or unsupported version.
    at deserialize (node:v8:468:7)
    at DiskCacheManager.read (E:\self\jamkudi\apps\mobile\node_modules\@expo\metro-file-map\build\cache\DiskCacheManager.js:55:41)
    at async FileMap.read (E:\self\jamkudi\apps\mobile\node_modules\@expo\metro-file-map\build\index.js:371:20)
    at async E:\self\jamkudi\apps\mobile\node_modules\@expo\metro-file-map\build\index.js:262:35
    at async DependencyGraph.ready (E:\self\jamkudi\apps\mobile\node_modules\metro\src\node-haste\DependencyGraph.js:94:5)
    at async Bundler.ready (E:\self\jamkudi\apps\mobile\node_modules\metro\src\Bundler.js:62:5)
    at async IncrementalBundler.ready (E:\self\jamkudi\apps\mobile\node_modules\metro\src\IncrementalBundler.js:310:5)
    at async Server.ready (E:\self\jamkudi\apps\mobile\node_modules\metro\src\Server.js:1446:5)
    at async runMetro (E:\self\jamkudi\apps\mobile\node_modules\metro\src\index.flow.js:142:5)
    at async createConnectMiddleware (E:\self\jamkudi\apps\mobile\node_modules\metro\src\index.flow.js:147:23)
Waiting on http://localhost:8090

Logs for your project will appear below.
λ Bundled 59392ms node_modules\expo\node_modules\@expo\cli\node_modules\@expo\router-server\node\render.js (1509 modules)
[expo-av]: Expo AV has been deprecated and will be removed in SDK 54. Use the `expo-audio` and `expo-video` packages to replace the required functionality.
Web Bundled 61431ms node_modules\expo-router\entry.js (1491 modules)
